// Jest Snapshot v1, https://goo.gl/fbAQLP

exports[`Home matches the snapshot 1`] = `
<DocumentFragment>
  <div
    class="flex flex-col gap-10 items-center justify-center m-4"
  >
    <h1>
      Instagallery
    </h1>
    <h3>
      Search your favorite pics here
    </h3>
    <form
      action="submit"
    >
      <div
        class="searchBar"
      >
        <input
          class="input"
          type="text"
          value=""
        />
        <button
          class="btn"
          type="submit"
        >
          Search
        </button>
      </div>
    </form>
    <div />
    <div>
      <p>
        Enter at least 3 characters to get results.
      </p>
    </div>
  </div>
</DocumentFragment>
`;
